// Jest Snapshot v1, https://goo.gl/fbAQLP

exports[`[COMPONENTS] TaskList Should render correctly 1`] = `
<div>
  <div
    class="sc-iwsKbI bKXkKN"
  >
    <div
      class="sc-gZMcBi esSNAH"
    >
      <h3
        class="sc-gqjmRU ejFaCX"
      >
        Done
      </h3>
      <div
        class="sc-bdVaJa kopiSs"
        id="card"
      >
        <div
          class="sc-htpNat kmdSjr"
          id="indicator"
        />
        <div
          class="sc-bwzfXH hRLiYZ"
        >
          <div
            class="sc-bxivhb glCqXO"
          >
            <span
              class="sc-ifAKCX cSUKMq"
            >
              Make Coffee
            </span>
            <span
              class="sc-EHOje gKezbk"
            >
              15 minutes
            </span>
          </div>
        </div>
      </div>
      <div
        class="sc-bdVaJa kopiSs"
        id="card"
      >
        <div
          class="sc-htpNat pYnDR"
          id="indicator"
        />
        <div
          class="sc-bwzfXH hRLiYZ"
        >
          <div
            class="sc-bxivhb glCqXO"
          >
            <span
              class="sc-ifAKCX cSUKMq"
            >
              Study
            </span>
            <span
              class="sc-EHOje gKezbk"
            >
              3 hours
            </span>
          </div>
        </div>
      </div>
      <div
        class="sc-bdVaJa kopiSs"
        id="card"
      >
        <div
          class="sc-htpNat pYnDR"
          id="indicator"
        />
        <div
          class="sc-bwzfXH hRLiYZ"
        >
          <div
            class="sc-bxivhb glCqXO"
          >
            <span
              class="sc-ifAKCX cSUKMq"
            >
              Dinner
            </span>
            <span
              class="sc-EHOje gKezbk"
            >
              1 hours
            </span>
          </div>
        </div>
      </div>
    </div>
  </div>
</div>
`;
