// Jest Snapshot v1, https://goo.gl/fbAQLP

exports[`[SCREENS] Tasks Should render correctly 1`] = `
<div>
  <div
    class="sc-VigVT jYaxIa"
  >
    <form
      class="sc-dnqmqq ewbNOT"
    >
      <div
        class="sc-iwsKbI cFpGCb"
      >
        <input
          class="sc-gZMcBi jwxFqm"
          placeholder="Task name"
          type="text"
          value=""
        />
        <input
          class="sc-gZMcBi jwxFqm"
          placeholder="Estimated time"
          type="text"
          value=""
        />
        <button
          class="sc-gqjmRU foOVYb"
          type="submit"
        >
          Create
        </button>
      </div>
    </form>
    <div
      class="sc-jTzLTM kZAMhy"
    >
      <div
        class="sc-bdVaJa huxbce"
      >
        <div
          class="sc-bwzfXH ffXQkl"
        >
          <h3
            class="sc-htpNat boHzRd"
          >
            To Do
          </h3>
        </div>
      </div>
      <div
        class="sc-bdVaJa huxbce"
      >
        <div
          class="sc-bwzfXH ffXQkl"
        >
          <h3
            class="sc-htpNat boHzRd"
          >
            Done
          </h3>
        </div>
      </div>
    </div>
  </div>
</div>
`;
